Sun 29 Mar 2020 16:07:32 basepage.py wait_element_visible INFO [line:20 在登录页面-输入用户名开始等待('xpath', '//input[@name="phone"]')元素可见]
Sun 29 Mar 2020 16:07:32 basepage.py wait_element_visible INFO [line:33 等待元素可见共用时：0:00:00.034002]
Sun 29 Mar 2020 16:07:32 basepage.py get_element INFO [line:62 在 登录页面-输入用户名 查找元素：('xpath', '//input[@name="phone"]').]
Sun 29 Mar 2020 16:07:32 basepage.py input_text INFO [line:97 在登录页面-输入用户名输入文本13760246701]
Sun 29 Mar 2020 16:07:32 basepage.py wait_element_visible INFO [line:20 在登录页面-输入密码开始等待('xpath', '//input[@name="password"]')元素可见]
Sun 29 Mar 2020 16:07:32 basepage.py wait_element_visible INFO [line:33 等待元素可见共用时：0:00:00.039002]
Sun 29 Mar 2020 16:07:32 basepage.py get_element INFO [line:62 在 登录页面-输入密码 查找元素：('xpath', '//input[@name="password"]').]
Sun 29 Mar 2020 16:07:32 basepage.py input_text INFO [line:97 在登录页面-输入密码输入文本python]
Sun 29 Mar 2020 16:07:33 basepage.py wait_element_visible INFO [line:20 在登录页面-点击登录按钮开始等待('tag name', 'button')元素可见]
Sun 29 Mar 2020 16:07:33 basepage.py wait_element_visible INFO [line:33 等待元素可见共用时：0:00:00.075005]
Sun 29 Mar 2020 16:07:33 basepage.py get_element INFO [line:62 在 登录页面-点击登录按钮 查找元素：('tag name', 'button').]
Sun 29 Mar 2020 16:07:33 basepage.py click_element INFO [line:86 在登录页面-点击登录按钮点击元素('tag name', 'button')]
Sun 29 Mar 2020 16:07:33 basepage.py wait_element_visible INFO [line:20 在主页面-点击抢投标按钮开始等待('xpath', '//a[@class="btn btn-special"]')元素可见]
Sun 29 Mar 2020 16:08:00 basepage.py wait_element_visible INFO [line:33 等待元素可见共用时：0:00:27.481572]
Sun 29 Mar 2020 16:08:00 basepage.py get_element INFO [line:62 在 主页面-点击抢投标按钮 查找元素：('xpath', '//a[@class="btn btn-special"]').]
Sun 29 Mar 2020 16:08:00 basepage.py click_element INFO [line:86 在主页面-点击抢投标按钮点击元素('xpath', '//a[@class="btn btn-special"]')]
Sun 29 Mar 2020 16:08:24 basepage.py wait_element_visible INFO [line:20 在标页面-获取用户余额属性开始等待('xpath', '//input[@class="form-control invest-unit-investinput"]')元素可见]
Sun 29 Mar 2020 16:08:24 basepage.py wait_element_visible INFO [line:33 等待元素可见共用时：0:00:00.043003]
Sun 29 Mar 2020 16:08:24 basepage.py get_element INFO [line:62 在 标页面-获取用户余额属性 查找元素：('xpath', '//input[@class="form-control invest-unit-investinput"]').]
Sun 29 Mar 2020 16:08:24 basepage.py get_ele_attribute INFO [line:108 在标页面-获取用户余额属性获取元素('xpath', '//input[@class="form-control invest-unit-investinput"]')的data-amount属性]
Sun 29 Mar 2020 16:08:24 basepage.py get_ele_attribute INFO [line:116 属性值为：9578435.91]
Sun 29 Mar 2020 16:08:24 basepage.py wait_element_visible INFO [line:20 在标页面-获取标的可投余额开始等待('xpath', '//div[contains(@class,"money_overplus")]//span[text()="剩余："]/following-sibling::span')元素可见]
Sun 29 Mar 2020 16:08:24 basepage.py wait_element_visible INFO [line:33 等待元素可见共用时：0:00:00.028001]
Sun 29 Mar 2020 16:08:24 basepage.py get_element INFO [line:62 在 标页面-获取标的可投余额 查找元素：('xpath', '//div[contains(@class,"money_overplus")]//span[text()="剩余："]/following-sibling::span').]
Sun 29 Mar 2020 16:08:24 basepage.py get_ele_text INFO [line:122 在标页面-获取标的可投余额获取元素('xpath', '//div[contains(@class,"money_overplus")]//span[text()="剩余："]/following-sibling::span')的文本]
Sun 29 Mar 2020 16:08:24 basepage.py get_ele_text INFO [line:130 文本为：19.98]
Sun 29 Mar 2020 16:08:24 basepage.py wait_element_visible INFO [line:20 在标页面-输入投资金额开始等待('xpath', '//input[@class="form-control invest-unit-investinput"]')元素可见]
Sun 29 Mar 2020 16:08:24 basepage.py wait_element_visible INFO [line:33 等待元素可见共用时：0:00:00.020001]
Sun 29 Mar 2020 16:08:24 basepage.py get_element INFO [line:62 在 标页面-输入投资金额 查找元素：('xpath', '//input[@class="form-control invest-unit-investinput"]').]
Sun 29 Mar 2020 16:08:24 basepage.py input_text INFO [line:97 在标页面-输入投资金额输入文本1000]
Sun 29 Mar 2020 16:08:25 basepage.py wait_element_visible INFO [line:20 在标页面-点击投标按钮开始等待('xpath', '//button[text()="投标"]')元素可见]
Sun 29 Mar 2020 16:08:25 basepage.py wait_element_visible INFO [line:33 等待元素可见共用时：0:00:00.088005]
Sun 29 Mar 2020 16:08:25 basepage.py get_element INFO [line:62 在 标页面-点击投标按钮 查找元素：('xpath', '//button[text()="投标"]').]
Sun 29 Mar 2020 16:08:25 basepage.py click_element INFO [line:86 在标页面-点击投标按钮点击元素('xpath', '//button[text()="投标"]')]
Sun 29 Mar 2020 16:08:25 basepage.py wait_element_visible INFO [line:20 在标页面-点击激活按钮开始等待('xpath', '//div[@class="layui-layer-content"]//button[text()="查看并激活"]')元素可见]
Sun 29 Mar 2020 16:08:25 basepage.py wait_element_visible INFO [line:33 等待元素可见共用时：0:00:00.566032]
Sun 29 Mar 2020 16:08:25 basepage.py get_element INFO [line:62 在 标页面-点击激活按钮 查找元素：('xpath', '//div[@class="layui-layer-content"]//button[text()="查看并激活"]').]
Sun 29 Mar 2020 16:08:25 basepage.py click_element INFO [line:86 在标页面-点击激活按钮点击元素('xpath', '//div[@class="layui-layer-content"]//button[text()="查看并激活"]')]
Sun 29 Mar 2020 16:08:49 basepage.py wait_element_visible INFO [line:20 在个人页面-获取用户余额开始等待('xpath', '//li[@class="color_sub"]')元素可见]
Sun 29 Mar 2020 16:08:49 basepage.py wait_element_visible INFO [line:33 等待元素可见共用时：0:00:00.059004]
Sun 29 Mar 2020 16:08:49 basepage.py get_element INFO [line:62 在 个人页面-获取用户余额 查找元素：('xpath', '//li[@class="color_sub"]').]
Sun 29 Mar 2020 16:08:49 basepage.py get_ele_text INFO [line:122 在个人页面-获取用户余额获取元素('xpath', '//li[@class="color_sub"]')的文本]
Sun 29 Mar 2020 16:08:49 basepage.py get_ele_text INFO [line:130 文本为：9577435.91元]
Sun 29 Mar 2020 16:09:34 basepage.py wait_element_visible INFO [line:20 在标页面-获取标的可投余额开始等待('xpath', '//div[contains(@class,"money_overplus")]//span[text()="剩余："]/following-sibling::span')元素可见]
Sun 29 Mar 2020 16:09:34 basepage.py wait_element_visible INFO [line:33 等待元素可见共用时：0:00:00.038002]
Sun 29 Mar 2020 16:09:34 basepage.py get_element INFO [line:62 在 标页面-获取标的可投余额 查找元素：('xpath', '//div[contains(@class,"money_overplus")]//span[text()="剩余："]/following-sibling::span').]
Sun 29 Mar 2020 16:09:34 basepage.py get_ele_text INFO [line:122 在标页面-获取标的可投余额获取元素('xpath', '//div[contains(@class,"money_overplus")]//span[text()="剩余："]/following-sibling::span')的文本]
Sun 29 Mar 2020 16:09:34 basepage.py get_ele_text INFO [line:130 文本为：19.88]
Sun 29 Mar 2020 16:09:34 test_invest.py test_invest_success ERROR [line:54 断言失败,投资后标的可投余额未相应减少]
Traceback (most recent call last):
  File "D:\soft\pycharm\PyCharm Community Edition 2019.1.3\helpers\pycharm\teamcity\diff_tools.py", line 32, in _patched_equals
    old(self, first, second, msg)
  File "D:\soft\python\lib\unittest\case.py", line 839, in assertEqual
    assertion_func(first, second, msg=msg)
  File "D:\soft\python\lib\unittest\case.py", line 832, in _baseAssertEqual
    raise self.failureException(msg)
AssertionError: -198780 != 1000

During handling of the above exception, another exception occurred:

Traceback (most recent call last):
  File "E:\PycharmProjects\python25\web_auto_test\test_cases\test_invest.py", line 52, in test_invest_success
    self.assertEqual(int(float(bid_left_money_before_invest) - float(bid_left_money_after_invest) * 10000), 1000)
  File "D:\soft\pycharm\PyCharm Community Edition 2019.1.3\helpers\pycharm\teamcity\diff_tools.py", line 38, in _patched_equals
    raise error
teamcity.diff_tools.EqualsAssertionError:  :: -198780 != 1000
